// Jest Snapshot v1, https://goo.gl/fbAQLP

exports[`Tests for the sideDrawer elements sidebar should render correctly 1`] = `ShallowWrapper {}`;
